// Jest Snapshot v1, https://goo.gl/fbAQLP

exports[`Pruebas en AddCategory.js Debe mostrar correctamnete 1`] = `
<form
  className="form"
  onSubmit={[Function]}
>
  <p />
  <input
    onChange={[Function]}
    type="text"
    value=""
  />
</form>
`;
